--
-- CREATE_SEQUENCE
--
CREATE SEQUENCE fkey_table_seq
  INCREMENT BY 1
  MINVALUE 0
  MAXVALUE 1000000
  START 10
  CACHE 10
  CYCLE;
NOTICE:  DDL test: type alter table, tag CREATE SEQUENCE
NOTICE:    subcommand: type ADD COLUMN TO SEQUENCE desc column last_value of sequence fkey_table_seq
NOTICE:    subcommand: type ADD COLUMN TO SEQUENCE desc column log_cnt of sequence fkey_table_seq
NOTICE:    subcommand: type ADD COLUMN TO SEQUENCE desc column is_called of sequence fkey_table_seq
